           runtime_minutes           |      is_adult    |    num_votes
-------------------------------------+------------------+-----------------
 The Corbett-Fitzsimmons Fight       |           False  |   326
 Miss Jerry                          |           False  |   86
 Le clown et ses chien               |           False  |   189
 Autour d'une cabine                 |           False  |   761
 L'hallucination de l'alchimiste     |           False  |   162
 L'auberge ensorcel\xc3\xa9e         |           False  |   787
 Pauvre Pierrot                      |           False  |   1245
 Le manoir du diable                 |           False  |   2575
(8 rows)