           original_title            | average_ratings 
-------------------------------------+-----------------
 Dancing Darkies                     |             7.8
 L'arrivée d'un train à La Ciotat    |             7.4
 L'arroseur arrosé                   |             7.1
 La sortie de l'usine Lumière à Lyon |             6.9
 A Watermelon Feast                  |             6.9
 Un petit diable                     |             6.8
 La voiture du potier                |             6.7
 Le manoir du diable                 |             6.7
 Danse serpentine                    |             6.5
 Démolition d'un mur                 |             6.4
(10 rows)